
> @think-grid-labs/react-starter-auth@ test:unit /Users/akosidencio/Documents/BOOKSPINE/react-starter-auth
> jest -- --verbose

No tests found, exiting with code 1
Run with `--passWithNoTests` to exit with code 0
In /Users/akosidencio/Documents/BOOKSPINE/react-starter-auth
  55 files checked.
  testMatch: **/__tests__/**/*.[jt]s?(x), **/?(*.)+(spec|test).[tj]s?(x) - 6 matches
  testPathIgnorePatterns: /node_modules/ - 55 matches
  testRegex:  - 0 matches
Pattern: --verbose - 0 matches
 ELIFECYCLE  Command failed with exit code 1.
